{"timestamp":"2026-09-05T21:18:49.198Z","level":"INFO","message":"=== Devoid Sandbox Worker Starting ===","worker":"sandbox"}
{"timestamp":"2026-09-05T21:18:49.204Z","level":"INFO","message":"Skipping SSM secrets load (disabled via env)","worker":"sandbox"}
{"timestamp":"2026-09-05T21:18:49.206Z","level":"INFO","message":"Configuration loaded","worker":"sandbox","context":{"environment":"local","workerVersion":"1.0.0","awsRegion":"us-east-1","mode":"daemon"}}
{"timestamp":"2026-09-05T21:18:49.207Z","level":"DEBUG","message":"Not in oneshot mode, skipping EC2 lifecycle init","worker":"sandbox"}
{"timestamp":"2026-09-05T21:18:49.216Z","level":"INFO","message":"Health check server started","worker":"sandbox","context":{"port":8080,"endpoints":["/health","/ready","/live","/metrics"]}}
{"timestamp":"2026-09-05T21:18:49.234Z","level":"INFO","message":"Result submission mode: HTTP (Backend)","worker":"sandbox"}
{"timestamp":"2026-09-05T21:18:49.235Z","level":"WARN","message":"Threat intelligence enabled but VIRUSTOTAL_API_KEY not set","worker":"sandbox"}
{"timestamp":"2026-09-05T21:18:49.235Z","level":"INFO","message":"Initializing job processor...","worker":"sandbox"}
(node:1) Warning: NodeVersionSupportWarning: The AWS SDK for JavaScript (v3)
versions published after the first week of January 2027
will require node >=22. You are running node v20.20.2.

To continue receiving updates to AWS services, bug fixes,
and security updates please upgrade to node >=22.

More information can be found at: https://a.co/c895JFp
(Use `node --trace-warnings ...` to show where the warning was created)
{"timestamp":"2026-09-05T21:18:49.259Z","level":"INFO","message":"strace is available for runtime telemetry","worker":"sandbox"}
{"timestamp":"2026-09-05T21:18:49.278Z","level":"INFO","message":"bubblewrap (bwrap) is available and functional for sandbox isolation","worker":"sandbox","context":{"procMountMode":"fresh"}}
{"timestamp":"2026-09-05T21:18:49.290Z","level":"INFO","message":"Network namespace probe","worker":"sandbox","context":{"available":false,"exitCode":1}}
{"timestamp":"2026-09-05T21:18:49.291Z","level":"INFO","message":"Sandbox runner initialized","worker":"sandbox","context":{"bwrapAvailable":true,"straceAvailable":true,"networkNamespaceAvailable":false,"procMountMode":"fresh","effectiveMode":"bwrap","isDockerEnvironment":true,"bindSourceCount":12,"bindSources":["/usr","/lib","/lib64","/bin","/sbin","/etc/alternatives","/etc/ssl","/etc/ca-certificates","/etc/passwd","/etc/group","/etc/resolv.conf","/usr/local"]}}
{"timestamp":"2026-09-05T21:18:49.296Z","level":"INFO","message":"Starting Sandbox SQS consumer","worker":"sandbox","context":{"execQueueUrl":"http://codesec-e2e-elasticmq:9324/000000000000/cera-sandbox_jobs_exec_now-local","normalQueueUrl":"http://codesec-e2e-elasticmq:9324/000000000000/cera-sandbox_jobs-local"}}
{"timestamp":"2026-09-05T21:19:14.328Z","level":"DEBUG","message":"No messages in either queue","worker":"sandbox"}
{"timestamp":"2026-09-05T21:19:39.318Z","level":"DEBUG","message":"No messages in either queue","worker":"sandbox"}
{"timestamp":"2026-09-05T21:20:04.359Z","level":"DEBUG","message":"No messages in either queue","worker":"sandbox"}
{"timestamp":"2026-09-05T21:20:29.335Z","level":"DEBUG","message":"No messages in either queue","worker":"sandbox"}
{"timestamp":"2026-09-05T21:20:54.313Z","level":"DEBUG","message":"No messages in either queue","worker":"sandbox"}
{"timestamp":"2026-09-05T21:21:19.293Z","level":"DEBUG","message":"No messages in either queue","worker":"sandbox"}
{"timestamp":"2026-09-05T21:21:30.344Z","level":"DEBUG","message":"Received message from normal queue","worker":"sandbox","context":{"queueType":"normal"}}
{"timestamp":"2026-09-05T21:21:30.345Z","level":"INFO","message":"Processing message","worker":"sandbox","context":{"messageId":"7ad7180e-c1fd-4bf0-89d6-6e6fd02a724e","queueType":"normal","receiveCount":1}}
{"timestamp":"2026-09-05T21:21:30.346Z","level":"WARN","message":"legacy_unsigned_worker_accept","worker":"sandbox","context":{"event":"legacy_unsigned_worker_accept","producer":"sandbox-worker","messageId":"7ad7180e-c1fd-4bf0-89d6-6e6fd02a724e","queueUrl":"http://codesec-e2e-elasticmq:9324/000000000000/cera-sandbox_jobs-local"}}
{"timestamp":"2026-09-05T21:21:30.351Z","level":"INFO","message":"SandboxJob validated, starting pipeline","worker":"sandbox","context":{"jobId":"73edfaa0-3f38-44fe-8ede-8257e44daf2c","correlationId":"p47-sc-contained-1788643290266","tenantId":"cdcde8a7-7aea-4128-be1a-6ff3dec52348","agentId":"9cc7bb95-78ec-4bcd-9c08-15de21a1c625","intent":"INSTALL","ecosystem":"npm","tool":"npm","packageName":"p47-uncontainable-probe","version":"1.0.0","queueType":"normal"}}
{"timestamp":"2026-09-05T21:21:30.361Z","level":"INFO","message":"Downloading uploaded package artifact from S3","worker":"sandbox","context":{"jobId":"73edfaa0-3f38-44fe-8ede-8257e44daf2c","correlationId":"p47-sc-contained-1788643290266","tenantId":"cdcde8a7-7aea-4128-be1a-6ff3dec52348","agentId":"9cc7bb95-78ec-4bcd-9c08-15de21a1c625","intent":"INSTALL","ecosystem":"npm","tool":"npm","packageName":"p47-uncontainable-probe","version":"1.0.0","queueType":"normal","artifactS3Key":"artifacts/npm/p47-uncontainable-probe/1.0.0/p47-uncontainable-probe-1.0.0.tgz","isTestPackage":false}}
{"timestamp":"2026-09-05T21:21:30.362Z","level":"INFO","message":"Downloading artifact from S3","worker":"sandbox","context":{"bucket":"ceragon-local-artifacts","key":"artifacts/npm/p47-uncontainable-probe/1.0.0/p47-uncontainable-probe-1.0.0.tgz","localPath":"/tmp/cera-sandbox/73edfaa0-3f38-44fe-8ede-8257e44daf2c/artifact/p47-uncontainable-probe-1.0.0.tgz","hasExpectedSha256":true,"enforce":false}}
{"timestamp":"2026-09-05T21:21:30.439Z","level":"INFO","message":"Artifact downloaded successfully","worker":"sandbox","context":{"localPath":"/tmp/cera-sandbox/73edfaa0-3f38-44fe-8ede-8257e44daf2c/artifact/p47-uncontainable-probe-1.0.0.tgz","size":778,"sha256":"bfafc2445d0cac3a…","filenameHint":"p47-uncontainable-probe-1.0.0.tgz"}}
{"timestamp":"2026-09-05T21:21:30.439Z","level":"INFO","message":"Uploaded package artifact downloaded from S3","worker":"sandbox","context":{"jobId":"73edfaa0-3f38-44fe-8ede-8257e44daf2c","correlationId":"p47-sc-contained-1788643290266","tenantId":"cdcde8a7-7aea-4128-be1a-6ff3dec52348","agentId":"9cc7bb95-78ec-4bcd-9c08-15de21a1c625","intent":"INSTALL","ecosystem":"npm","tool":"npm","packageName":"p47-uncontainable-probe","version":"1.0.0","queueType":"normal","localPath":"/tmp/cera-sandbox/73edfaa0-3f38-44fe-8ede-8257e44daf2c/artifact/p47-uncontainable-probe-1.0.0.tgz","size":778,"sha256":"bfafc2445d0cac3a…"}}
{"timestamp":"2026-09-05T21:21:30.439Z","level":"INFO","message":"Extracting artifact","worker":"sandbox","context":{"jobId":"73edfaa0-3f38-44fe-8ede-8257e44daf2c","correlationId":"p47-sc-contained-1788643290266","tenantId":"cdcde8a7-7aea-4128-be1a-6ff3dec52348","agentId":"9cc7bb95-78ec-4bcd-9c08-15de21a1c625","intent":"INSTALL","ecosystem":"npm","tool":"npm","packageName":"p47-uncontainable-probe","version":"1.0.0","queueType":"normal"}}
{"timestamp":"2026-09-05T21:21:30.441Z","level":"INFO","message":"Extracting artifact","worker":"sandbox","context":{"artifactPath":"/tmp/cera-sandbox/73edfaa0-3f38-44fe-8ede-8257e44daf2c/artifact/p47-uncontainable-probe-1.0.0.tgz","destDir":"/tmp/cera-sandbox/73edfaa0-3f38-44fe-8ede-8257e44daf2c/extracted","format":"targz","ecosystem":"npm","extension":".tgz","caps":{"maxBytes":524288000,"maxFiles":50000,"timeoutMs":300000}}}
{"timestamp":"2026-09-05T21:21:30.465Z","level":"INFO","message":"Post-extraction validation passed","worker":"sandbox","context":{"destDir":"/tmp/cera-sandbox/73edfaa0-3f38-44fe-8ede-8257e44daf2c/extracted","fileCount":3,"totalSizeBytes":1079,"violationsRemoved":0}}
{"timestamp":"2026-09-05T21:21:30.467Z","level":"INFO","message":"Artifact extracted","worker":"sandbox","context":{"extractDir":"/tmp/cera-sandbox/73edfaa0-3f38-44fe-8ede-8257e44daf2c/extracted","fileCount":3,"hasPackageJson":true,"hasSetupPy":false,"hasPyprojectToml":false}}
{"timestamp":"2026-09-05T21:21:30.468Z","level":"INFO","message":"Artifact extracted","worker":"sandbox","context":{"jobId":"73edfaa0-3f38-44fe-8ede-8257e44daf2c","correlationId":"p47-sc-contained-1788643290266","tenantId":"cdcde8a7-7aea-4128-be1a-6ff3dec52348","agentId":"9cc7bb95-78ec-4bcd-9c08-15de21a1c625","intent":"INSTALL","ecosystem":"npm","tool":"npm","packageName":"p47-uncontainable-probe","version":"1.0.0","queueType":"normal","fileCount":3,"hasPackageJson":true,"hasSetupPy":false}}
{"timestamp":"2026-09-05T21:21:30.469Z","level":"INFO","message":"Read referenced script file","worker":"sandbox","context":{"file":"postinstall.js","size":750}}
{"timestamp":"2026-09-05T21:21:30.470Z","level":"INFO","message":"Read referenced script file","worker":"sandbox","context":{"file":"postinstall.js","size":750}}
{"timestamp":"2026-09-05T21:21:30.470Z","level":"INFO","message":"Scanning additional code file","worker":"sandbox","context":{"file":"index.js","size":68}}
{"timestamp":"2026-09-05T21:21:30.490Z","level":"INFO","message":"Static analysis complete","worker":"sandbox","context":{"ecosystem":"npm","totalScripts":3,"findingsCount":0,"riskScore":0,"hasObfuscation":false,"criticalCount":0,"highCount":0}}
{"timestamp":"2026-09-05T21:21:30.490Z","level":"INFO","message":"Using fetch worker static analysis (skipping redundant analysis)","worker":"sandbox","context":{"jobId":"73edfaa0-3f38-44fe-8ede-8257e44daf2c","correlationId":"p47-sc-contained-1788643290266","tenantId":"cdcde8a7-7aea-4128-be1a-6ff3dec52348","agentId":"9cc7bb95-78ec-4bcd-9c08-15de21a1c625","intent":"INSTALL","ecosystem":"npm","tool":"npm","packageName":"p47-uncontainable-probe","version":"1.0.0","queueType":"normal","fetchStaticScore":75,"fetchFindingsCount":1,"escalationReasons":["SUSPICIOUS_HIGH_SCORE"]}}
{"timestamp":"2026-09-05T21:21:30.490Z","level":"INFO","message":"Starting sandbox execution","worker":"sandbox","context":{"jobId":"73edfaa0-3f38-44fe-8ede-8257e44daf2c","correlationId":"p47-sc-contained-1788643290266","tenantId":"cdcde8a7-7aea-4128-be1a-6ff3dec52348","agentId":"9cc7bb95-78ec-4bcd-9c08-15de21a1c625","intent":"INSTALL","ecosystem":"npm","tool":"npm","packageName":"p47-uncontainable-probe","version":"1.0.0","queueType":"normal"}}
{"timestamp":"2026-09-05T21:21:30.505Z","level":"DEBUG","message":"planted sandbox canaries","worker":"sandbox","context":{"decoyHome":"/tmp/cera-sandbox/73edfaa0-3f38-44fe-8ede-8257e44daf2c/extracted/.cera-home","decoyCount":10}}
{"timestamp":"2026-09-05T21:21:30.505Z","level":"DEBUG","message":"sandbox canary token issued","worker":"sandbox","context":{"jobId":"73edfaa0-3f38-44fe-8ede-8257e44daf2c","correlationId":"p47-sc-contained-1788643290266","tenantId":"cdcde8a7-7aea-4128-be1a-6ff3dec52348","agentId":"9cc7bb95-78ec-4bcd-9c08-15de21a1c625","intent":"INSTALL","ecosystem":"npm","tool":"npm","packageName":"p47-uncontainable-probe","version":"1.0.0","queueType":"normal","canaryToken":"CERAGON_CANARY_6ae49b0ef42e46db81e36dc9d6e59e85"}}
{"timestamp":"2026-09-05T21:21:30.512Z","level":"INFO","message":"Skipping --unshare-net","worker":"sandbox","context":{"reason":"Docker/Fargate without userns support"}}
{"timestamp":"2026-09-05T21:21:30.512Z","level":"DEBUG","message":"Running bwrap with strace","worker":"sandbox","context":{"workDir":"/tmp/cera-sandbox/73edfaa0-3f38-44fe-8ede-8257e44daf2c/extracted","stracePath":"/tmp/cera-sandbox/73edfaa0-3f38-44fe-8ede-8257e44daf2c/extracted/strace.log","bindMounts":["/usr","/bin","/lib","/lib64","/sbin","/usr/local","/etc/alternatives","/etc/ssl","/etc/ca-certificates","/etc/passwd"],"parentDirs":["/tmp/cera-sandbox","/tmp/cera-sandbox/73edfaa0-3f38-44fe-8ede-8257e44daf2c"]}}
{"timestamp":"2026-09-05T21:21:30.513Z","level":"DEBUG","message":"Spawning process","worker":"sandbox","context":{"command":"bwrap","argCount":72,"cwd":"/tmp/cera-sandbox/73edfaa0-3f38-44fe-8ede-8257e44daf2c/extracted","timeoutSeconds":180}}
{"timestamp":"2026-09-05T21:21:30.518Z","level":"INFO","message":"runProcess: process spawned","worker":"sandbox","context":{"pid":106}}
{"timestamp":"2026-09-05T21:21:41.811Z","level":"INFO","message":"runProcess: process closed","worker":"sandbox","context":{"pid":106,"exitCode":0,"timedOut":false}}
{"timestamp":"2026-09-05T21:21:41.936Z","level":"DEBUG","message":"strace bounded read complete (bwrap mode)","worker":"sandbox","context":{"byteCount":2801984,"truncated":false}}
{"timestamp":"2026-09-05T21:21:42.385Z","level":"INFO","message":"Telemetry collected (bwrap mode)","worker":"sandbox","context":{"events":70,"processExecs":24,"networkConns":1,"fileOps":8219,"truncated":false}}
{"timestamp":"2026-09-05T21:21:42.397Z","level":"INFO","message":"Sandbox execution complete","worker":"sandbox","context":{"jobId":"73edfaa0-3f38-44fe-8ede-8257e44daf2c","correlationId":"p47-sc-contained-1788643290266","tenantId":"cdcde8a7-7aea-4128-be1a-6ff3dec52348","agentId":"9cc7bb95-78ec-4bcd-9c08-15de21a1c625","intent":"INSTALL","ecosystem":"npm","tool":"npm","packageName":"p47-uncontainable-probe","version":"1.0.0","queueType":"normal","_metric":"sandbox_phase_timing","phase":"install","success":true,"exitCode":0,"timedOut":false,"eventsCount":72,"filesCreated":1,"durationMs":11890}}
{"timestamp":"2026-09-05T21:21:42.408Z","level":"INFO","message":"Skipping --unshare-net","worker":"sandbox","context":{"reason":"Docker/Fargate without userns support"}}
{"timestamp":"2026-09-05T21:21:42.408Z","level":"DEBUG","message":"Running bwrap with strace","worker":"sandbox","context":{"workDir":"/tmp/cera-sandbox/73edfaa0-3f38-44fe-8ede-8257e44daf2c/extracted","stracePath":"/tmp/cera-sandbox/73edfaa0-3f38-44fe-8ede-8257e44daf2c/extracted/strace.log","bindMounts":["/usr","/bin","/lib","/lib64","/sbin","/usr/local","/etc/alternatives","/etc/ssl","/etc/ca-certificates","/etc/passwd"],"parentDirs":["/tmp/cera-sandbox","/tmp/cera-sandbox/73edfaa0-3f38-44fe-8ede-8257e44daf2c"]}}
{"timestamp":"2026-09-05T21:21:42.408Z","level":"DEBUG","message":"Spawning process","worker":"sandbox","context":{"command":"bwrap","argCount":71,"cwd":"/tmp/cera-sandbox/73edfaa0-3f38-44fe-8ede-8257e44daf2c/extracted","timeoutSeconds":180}}
{"timestamp":"2026-09-05T21:21:42.415Z","level":"INFO","message":"runProcess: process spawned","worker":"sandbox","context":{"pid":152}}
{"timestamp":"2026-09-05T21:21:42.599Z","level":"INFO","message":"runProcess: process closed","worker":"sandbox","context":{"pid":152,"exitCode":0,"timedOut":false}}
{"timestamp":"2026-09-05T21:21:42.601Z","level":"DEBUG","message":"strace bounded read complete (bwrap mode)","worker":"sandbox","context":{"byteCount":18817,"truncated":false}}
{"timestamp":"2026-09-05T21:21:42.603Z","level":"INFO","message":"Telemetry collected (bwrap mode)","worker":"sandbox","context":{"events":9,"processExecs":1,"networkConns":0,"fileOps":30,"truncated":false}}
{"timestamp":"2026-09-05T21:21:42.613Z","level":"INFO","message":"npm import-trigger phase complete","worker":"sandbox","context":{"jobId":"73edfaa0-3f38-44fe-8ede-8257e44daf2c","correlationId":"p47-sc-contained-1788643290266","tenantId":"cdcde8a7-7aea-4128-be1a-6ff3dec52348","agentId":"9cc7bb95-78ec-4bcd-9c08-15de21a1c625","intent":"INSTALL","ecosystem":"npm","tool":"npm","packageName":"p47-uncontainable-probe","version":"1.0.0","queueType":"normal","_metric":"sandbox_phase_timing","phase":"npm-trigger","harness":".cera-trigger.cjs","entrypointCount":1,"durationMs":211,"timedOut":false,"triggerEventsCount":10,"triggerFindingsCount":0,"triggerTimedOut":false,"triggerTruncated":false,"triggerExitCode":0}}
{"timestamp":"2026-09-05T21:21:42.614Z","level":"INFO","message":"Uploading telemetry to S3","worker":"sandbox","context":{"jobId":"73edfaa0-3f38-44fe-8ede-8257e44daf2c","correlationId":"p47-sc-contained-1788643290266","tenantId":"cdcde8a7-7aea-4128-be1a-6ff3dec52348","agentId":"9cc7bb95-78ec-4bcd-9c08-15de21a1c625","intent":"INSTALL","ecosystem":"npm","tool":"npm","packageName":"p47-uncontainable-probe","version":"1.0.0","queueType":"normal"}}
{"timestamp":"2026-09-05T21:21:42.614Z","level":"INFO","message":"Uploading telemetry bundle to S3","worker":"sandbox","context":{"bucket":"ceragon-local-evidence","prefix":"sandbox/cdcde8a7-7aea-4128-be1a-6ff3dec52348/73edfaa0-3f38-44fe-8ede-8257e44daf2c"}}
{"timestamp":"2026-09-05T21:21:42.634Z","level":"DEBUG","message":"Uploaded file to S3","worker":"sandbox","context":{"key":"sandbox/cdcde8a7-7aea-4128-be1a-6ff3dec52348/73edfaa0-3f38-44fe-8ede-8257e44daf2c/stdout.log","size":226}}
{"timestamp":"2026-09-05T21:21:42.648Z","level":"DEBUG","message":"Uploaded file to S3","worker":"sandbox","context":{"key":"sandbox/cdcde8a7-7aea-4128-be1a-6ff3dec52348/73edfaa0-3f38-44fe-8ede-8257e44daf2c/exit.json","size":62}}
{"timestamp":"2026-09-05T21:21:42.659Z","level":"DEBUG","message":"Uploaded file to S3","worker":"sandbox","context":{"key":"sandbox/cdcde8a7-7aea-4128-be1a-6ff3dec52348/73edfaa0-3f38-44fe-8ede-8257e44daf2c/runtime-events.json","size":30970}}
{"timestamp":"2026-09-05T21:21:42.698Z","level":"DEBUG","message":"Uploaded file to S3","worker":"sandbox","context":{"key":"sandbox/cdcde8a7-7aea-4128-be1a-6ff3dec52348/73edfaa0-3f38-44fe-8ede-8257e44daf2c/strace.log","size":2801984}}
{"timestamp":"2026-09-05T21:21:42.706Z","level":"DEBUG","message":"Uploaded file to S3","worker":"sandbox","context":{"key":"sandbox/cdcde8a7-7aea-4128-be1a-6ff3dec52348/73edfaa0-3f38-44fe-8ede-8257e44daf2c/static-scripts.json","size":2045}}
{"timestamp":"2026-09-05T21:21:42.716Z","level":"DEBUG","message":"Uploaded file to S3","worker":"sandbox","context":{"key":"sandbox/cdcde8a7-7aea-4128-be1a-6ff3dec52348/73edfaa0-3f38-44fe-8ede-8257e44daf2c/manifest.json","size":420}}
{"timestamp":"2026-09-05T21:21:42.716Z","level":"INFO","message":"Telemetry bundle uploaded successfully","worker":"sandbox","context":{"prefix":"sandbox/cdcde8a7-7aea-4128-be1a-6ff3dec52348/73edfaa0-3f38-44fe-8ede-8257e44daf2c","filesUploaded":6}}
{"timestamp":"2026-09-05T21:21:42.716Z","level":"INFO","message":"Telemetry uploaded","worker":"sandbox","context":{"jobId":"73edfaa0-3f38-44fe-8ede-8257e44daf2c","correlationId":"p47-sc-contained-1788643290266","tenantId":"cdcde8a7-7aea-4128-be1a-6ff3dec52348","agentId":"9cc7bb95-78ec-4bcd-9c08-15de21a1c625","intent":"INSTALL","ecosystem":"npm","tool":"npm","packageName":"p47-uncontainable-probe","version":"1.0.0","queueType":"normal","s3Prefix":"sandbox/cdcde8a7-7aea-4128-be1a-6ff3dec52348/73edfaa0-3f38-44fe-8ede-8257e44daf2c","filesUploaded":6}}
{"timestamp":"2026-09-05T21:21:42.716Z","level":"INFO","message":"Collecting artifacts for analysis","worker":"sandbox","context":{"jobId":"73edfaa0-3f38-44fe-8ede-8257e44daf2c","correlationId":"p47-sc-contained-1788643290266","tenantId":"cdcde8a7-7aea-4128-be1a-6ff3dec52348","agentId":"9cc7bb95-78ec-4bcd-9c08-15de21a1c625","intent":"INSTALL","ecosystem":"npm","tool":"npm","packageName":"p47-uncontainable-probe","version":"1.0.0","queueType":"normal"}}
{"timestamp":"2026-09-05T21:21:42.716Z","level":"INFO","message":"Starting artifact collection","worker":"sandbox","context":{"packageName":"p47-uncontainable-probe","version":"1.0.0","hasExecution":true,"hasStatic":true}}
{"timestamp":"2026-09-05T21:21:42.717Z","level":"DEBUG","message":"Building process chain","worker":"sandbox","context":{"totalEvents":72,"processEvents":21,"processExecutions":0}}
{"timestamp":"2026-09-05T21:21:42.719Z","level":"INFO","message":"Process chain built","worker":"sandbox","context":{"totalProcesses":21,"filteredProcesses":21,"infrastructureNodesRemoved":0,"maxDepth":20,"suspiciousCount":10,"orphanedCount":0}}
{"timestamp":"2026-09-05T21:21:42.719Z","level":"DEBUG","message":"Starting file hash extraction","worker":"sandbox","context":{"baseDir":"/tmp/cera-sandbox/73edfaa0-3f38-44fe-8ede-8257e44daf2c/extracted","totalFiles":2,"created":1,"modified":1}}
{"timestamp":"2026-09-05T21:21:42.724Z","level":"INFO","message":"File hash extraction complete","worker":"sandbox","context":{"filesProcessed":1,"bytesHashed":24,"skipped":1,"errors":0,"durationMs":5}}
{"timestamp":"2026-09-05T21:21:42.731Z","level":"INFO","message":"Artifact collection complete","worker":"sandbox","context":{"packageName":"p47-uncontainable-probe","version":"1.0.0","collectionTimeMs":15,"totalProcesses":21,"suspiciousProcesses":10,"networkConnections":0,"suspiciousConnections":0,"dnsQueries":0,"filesCreated":1,"filesModified":0,"filesDeleted":0,"credentialAccess":2,"uniqueIPs":0,"uniqueDomains":0,"uniqueHashes":1,"attackChains":0,"criticalAttackChains":0}}
{"timestamp":"2026-09-05T21:21:42.732Z","level":"INFO","message":"Artifacts collected","worker":"sandbox","context":{"jobId":"73edfaa0-3f38-44fe-8ede-8257e44daf2c","correlationId":"p47-sc-contained-1788643290266","tenantId":"cdcde8a7-7aea-4128-be1a-6ff3dec52348","agentId":"9cc7bb95-78ec-4bcd-9c08-15de21a1c625","intent":"INSTALL","ecosystem":"npm","tool":"npm","packageName":"p47-uncontainable-probe","version":"1.0.0","queueType":"normal","totalProcesses":21,"suspiciousProcesses":10,"networkConnections":0,"suspiciousConnections":0,"dnsQueries":0,"filesCreated":1,"filesModified":0,"filesDeleted":0,"credentialAccess":2,"uniqueIPs":0,"uniqueDomains":0,"uniqueHashes":1,"attackChains":0,"criticalAttackChains":0}}
{"timestamp":"2026-09-05T21:21:42.745Z","level":"INFO","message":"Verdict calculated","worker":"sandbox","context":{"jobId":"73edfaa0-3f38-44fe-8ede-8257e44daf2c","correlationId":"p47-sc-contained-1788643290266","tenantId":"cdcde8a7-7aea-4128-be1a-6ff3dec52348","agentId":"9cc7bb95-78ec-4bcd-9c08-15de21a1c625","intent":"INSTALL","ecosystem":"npm","tool":"npm","packageName":"p47-uncontainable-probe","version":"1.0.0","queueType":"normal","verdict":"WARN","confidence":"LOW","riskScore":100,"signalCount":2,"hardSignals":0,"softSignals":2}}
{"timestamp":"2026-09-05T21:21:42.749Z","level":"INFO","message":"Submitting results to backend","worker":"sandbox","context":{"jobId":"73edfaa0-3f38-44fe-8ede-8257e44daf2c","correlationId":"p47-sc-contained-1788643290266","tenantId":"cdcde8a7-7aea-4128-be1a-6ff3dec52348","agentId":"9cc7bb95-78ec-4bcd-9c08-15de21a1c625","intent":"INSTALL","ecosystem":"npm","tool":"npm","packageName":"p47-uncontainable-probe","version":"1.0.0","queueType":"normal","heuristicVerdict":"WARN","heuristicConfidence":"LOW","riskScore":100,"findingsCount":3,"eventsCount":82,"iocsCount":7,"hasAIVerdict":false,"attackChains":0,"criticalAttackChains":0}}
{"timestamp":"2026-09-05T21:21:42.759Z","level":"INFO","message":"Submitting sandbox result to backend","worker":"sandbox","context":{"jobId":"73edfaa0-3f38-44fe-8ede-8257e44daf2c","riskScore":100,"findingsCount":3,"eventsCount":82}}
{"timestamp":"2026-09-05T21:21:42.815Z","level":"INFO","message":"Sandbox result submitted successfully","worker":"sandbox","context":{"jobId":"73edfaa0-3f38-44fe-8ede-8257e44daf2c"}}
{"timestamp":"2026-09-05T21:21:42.816Z","level":"INFO","message":"Results submitted successfully","worker":"sandbox","context":{"jobId":"73edfaa0-3f38-44fe-8ede-8257e44daf2c","correlationId":"p47-sc-contained-1788643290266","tenantId":"cdcde8a7-7aea-4128-be1a-6ff3dec52348","agentId":"9cc7bb95-78ec-4bcd-9c08-15de21a1c625","intent":"INSTALL","ecosystem":"npm","tool":"npm","packageName":"p47-uncontainable-probe","version":"1.0.0","queueType":"normal"}}
{"timestamp":"2026-09-05T21:21:42.821Z","level":"DEBUG","message":"Cleaned up workspace","worker":"sandbox","context":{"workspaceBase":"/tmp/cera-sandbox/73edfaa0-3f38-44fe-8ede-8257e44daf2c"}}
{"timestamp":"2026-09-05T21:21:42.821Z","level":"INFO","message":"SandboxJob processed successfully","worker":"sandbox","context":{"jobId":"73edfaa0-3f38-44fe-8ede-8257e44daf2c","correlationId":"p47-sc-contained-1788643290266","tenantId":"cdcde8a7-7aea-4128-be1a-6ff3dec52348","agentId":"9cc7bb95-78ec-4bcd-9c08-15de21a1c625","intent":"INSTALL","ecosystem":"npm","tool":"npm","packageName":"p47-uncontainable-probe","version":"1.0.0","queueType":"normal"}}
{"timestamp":"2026-09-05T21:21:42.827Z","level":"DEBUG","message":"Deleted message from queue","worker":"sandbox","context":{"messageId":"7ad7180e-c1fd-4bf0-89d6-6e6fd02a724e"}}
{"timestamp":"2026-09-05T21:21:42.827Z","level":"INFO","message":"Message processed and deleted","worker":"sandbox","context":{"messageId":"7ad7180e-c1fd-4bf0-89d6-6e6fd02a724e","queueType":"normal"}}
{"timestamp":"2026-09-05T21:22:07.800Z","level":"DEBUG","message":"No messages in either queue","worker":"sandbox"}
{"timestamp":"2026-09-05T21:22:32.839Z","level":"DEBUG","message":"No messages in either queue","worker":"sandbox"}
{"timestamp":"2026-09-05T21:22:42.273Z","level":"INFO","message":"Received SIGTERM, initiating graceful shutdown","worker":"sandbox"}
{"timestamp":"2026-09-05T21:22:42.274Z","level":"INFO","message":"Stopping consumer...","worker":"sandbox"}
