target       : postgres@codefense-postgressdb.c56akiuead81.eu-north-1.rds.amazonaws.com:5432/codefense_db (sslmode=require)
mode         : read-only
network      : cluster=backend subnet=subnet-043fba9d9893864a4 sg=sg-02e5e94735f154e7f
sql          : SELECT 'QA::A9::' || count(*)::text AS r FROM pg_tables WHERE schemaname='public' AND tablename LIKE '\_w5\_test\_%'; SELECT 'QA::A9N::' || coalesce(string_agg(tablename, ','), 'none') AS r FROM pg_tables WHERE schemaname='public' AND tablename LIKE '\_w5\_test\_%'; SELECT 'QA::A12::' || count(*)::text || '|' || (count(*) FILTER (WHERE (metadata->>'redactedPreview') LIKE '%AKIA%'))::text || '|' || (count(*) FILTER (WHERE (metadata->>'redactedPreview') ~ 'C:\\Users\\[A-Za-z]'))::text || '|' || (count(*) FILTER (WHERE (metadata->>'redactedPreview') LIKE '%AKIA%' OR (metadata->>'redactedPreview') ~ 'C:\\Users\\[A-Za-z]'))::text || '|' || (count(*) FILTER (WHERE ((metadata->>'redactedPreview') LIKE '%AKIA%' OR (metadata->>'redactedPreview') ~ 'C:\\Users\\[A-Za-z]') AND event_time > TIMESTAMPTZ '2026-08-02 11:47:00+00'))::text || '|' || coalesce(max(length(metadata->>'redactedPreview')),0)::text || '|' || coalesce(replace(max(event_time)::text,' ','T'),'none') || '|' || coalesce(replace((max(event_time) FILTER (WHERE (metadata->>'redactedPreview') LIKE '%AKIA%' OR (metadata->>'redactedPreview') ~ 'C:\\Users\\[A-Za-z]'))::text,' ','T'),'none') AS r FROM ai_events WHERE metadata ? 'redactedPreview'; SELECT 'QA::TRAF::' || coalesce(replace(max(event_time)::text,' ','T'),'none') || '|' || count(*)::text || '|' || (count(*) FILTER (WHERE event_time > now() - interval '7 days'))::text AS r FROM ai_events; SELECT 'QA::A14::' || count(*)::text || '|' || count(DISTINCT name)::text AS r FROM migrations; SELECT 'QA::A14C::' || coalesce(string_agg(conname || '(' || contype::text || ')', ',' ORDER BY conname),'none') AS r FROM pg_constraint WHERE conrelid='public.migrations'::regclass; SELECT 'QA::A15::' || coalesce(string_agg(conname || '(' || contype::text || ')', ',' ORDER BY conname),'none') AS r FROM pg_constraint WHERE conrelid='public.ai_sessions'::regclass; SELECT 'QA::A16::' || (count(*) FILTER (WHERE client_event_id IS NULL AND emitter_stream_id IS NOT NULL))::text || '|' || count(*)::text || '|' || (count(*) FILTER (WHERE emitter_stream_id IS NOT NULL))::text || '|' || (count(*) FILTER (WHERE client_event_id IS NULL))::text AS r FROM ai_events; SELECT 'QA::ORGS::' || count(*)::text AS r FROM orgs;
log group    : /ecs/codefence-sql-runner (exists)
task definition: reusing codefence-sql-runner:1 (unchanged)
task         : f798a0b876aa4264aaec040654076edb
waiting for the task to stop...

----- psql output -----
     r     
-----------
 QA::A9::0
(1 row)
       r       
---------------
 QA::A9N::none
(1 row)
                                       r                                        
--------------------------------------------------------------------------------
 QA::A12::34|1|15|16|1|4097|2026-08-02T14:01:15.69+00|2026-08-02T14:01:15.69+00
(1 row)
                     r                      
--------------------------------------------
 QA::TRAF::2026-08-04T05:20:34+00|7923|7923
(1 row)
        r         
------------------
 QA::A14::215|204
(1 row)
                      r                      
---------------------------------------------
 QA::A14C::PK_8c82d7f526340ab734260ea46be(p)
(1 row)
             r              
----------------------------
 QA::A15::pk_ai_sessions(p)
(1 row)
             r             
---------------------------
 QA::A16::0|7923|2700|5223
(1 row)
      r      
-------------
 QA::ORGS::2
(1 row)
----- end output -----

task stopped : exitCode=0 reason=Essential container in task exited
